// Jest Snapshot v1, https://goo.gl/fbAQLP

exports[`Sanitize HTML to prevent XSS advanced XSS 1`] = `"<p>This is [not obvious](   lives\\\\0cript:promp('It works !')) !</p>"`;

exports[`code highlight special cases discards unused attributes 1`] = `
"<div class=\\"hljs-code-div hljs-code-python\\"><div class=\\"hljs-line-numbers\\"><span data-count=\\"1\\"></span><span data-count=\\"2\\"></span><span data-count=\\"3\\"></span><span data-count=\\"4\\"></span><span data-count=\\"5\\"></span></div><pre><code class=\\"hljs language-python\\"><span class=\\"hljs-function\\"><span class=\\"hljs-keyword\\">def</span> <span class=\\"hljs-title\\">main</span>():</span>
  <span class=\\"hljs-built_in\\">print</span>(<span class=\\"hljs-string\\">'It\\\\'s amazing!'</span>)

<span class=\\"hljs-function\\"><span class=\\"hljs-keyword\\">def</span> <span class=\\"hljs-title\\">unused</span>():</span>
  <span class=\\"hljs-built_in\\">print</span>(<span class=\\"hljs-string\\">'Please use me!'</span>)
</code></pre></div>"
`;

exports[`code highlight special cases does not count one-liners 1`] = `
"<div class=\\"hljs-code-div hljs-code-js\\"><pre><code class=\\"hljs language-js\\"><span class=\\"hljs-keyword\\">const</span> a = <span class=\\"hljs-number\\">1</span>
</code></pre></div>"
`;

exports[`code highlight special cases does not highlight console 1`] = `
"<div class=\\"hljs-code-div hljs-code-console\\"><pre><code class=\\"language-console\\">echo \\"Hello world\\"
</code></pre></div>"
`;

exports[`code highlight special cases highlights latex 1`] = `
"<div class=\\"hljs-code-div hljs-code-latex\\"><div class=\\"hljs-line-numbers\\"><span data-count=\\"1\\"></span><span data-count=\\"2\\"></span><span data-count=\\"3\\"></span><span data-count=\\"4\\"></span></div><pre><code class=\\"hljs language-latex\\"><span class=\\"hljs-keyword\\">\\\\usepackage</span>{inputenc}[utf8]
<span class=\\"hljs-keyword\\">\\\\begin</span>{document}
<span class=\\"hljs-keyword\\">\\\\texttt</span>{code}
<span class=\\"hljs-keyword\\">\\\\end</span>{document}
</code></pre></div>"
`;

exports[`code highlight special cases supports both hl_lines and linenostart 1`] = `
"<div class=\\"hljs-code-div hljs-code-python\\"><div class=\\"hljs-line-numbers\\"><span data-count=\\"3\\"></span><span data-count=\\"4\\" class=\\"hll\\"></span><span data-count=\\"5\\"></span><span data-count=\\"6\\"></span><span data-count=\\"7\\"></span></div><pre><code class=\\"hljs language-python\\"><span class=\\"hljs-function\\"><span class=\\"hljs-keyword\\">def</span> <span class=\\"hljs-title\\">main</span>():</span>
  <span class=\\"hljs-built_in\\">print</span>(<span class=\\"hljs-string\\">'It\\\\'s amazing!'</span>)

<span class=\\"hljs-function\\"><span class=\\"hljs-keyword\\">def</span> <span class=\\"hljs-title\\">unused</span>():</span>
  <span class=\\"hljs-built_in\\">print</span>(<span class=\\"hljs-string\\">'Please use me!'</span>)
</code></pre></div>"
`;

exports[`code highlight special cases supports hl_lines - comma syntax 1`] = `
"<div class=\\"hljs-code-div hljs-code-python\\"><div class=\\"hljs-line-numbers\\"><span data-count=\\"1\\"></span><span data-count=\\"2\\"></span><span data-count=\\"3\\"></span><span data-count=\\"4\\" class=\\"hll\\"></span><span data-count=\\"5\\" class=\\"hll\\"></span></div><pre><code class=\\"hljs language-python\\"><span class=\\"hljs-function\\"><span class=\\"hljs-keyword\\">def</span> <span class=\\"hljs-title\\">main</span>():</span>
  <span class=\\"hljs-built_in\\">print</span>(<span class=\\"hljs-string\\">'It\\\\'s amazing!'</span>)

<span class=\\"hljs-function\\"><span class=\\"hljs-keyword\\">def</span> <span class=\\"hljs-title\\">unused</span>():</span>
  <span class=\\"hljs-built_in\\">print</span>(<span class=\\"hljs-string\\">'Please use me!'</span>)
</code></pre></div>"
`;

exports[`code highlight special cases supports hl_lines - interval syntax 1`] = `
"<div class=\\"hljs-code-div hljs-code-python\\"><div class=\\"hljs-line-numbers\\"><span data-count=\\"1\\" class=\\"hll\\"></span><span data-count=\\"2\\" class=\\"hll\\"></span><span data-count=\\"3\\" class=\\"hll\\"></span><span data-count=\\"4\\"></span><span data-count=\\"5\\"></span></div><pre><code class=\\"hljs language-python\\"><span class=\\"hljs-function\\"><span class=\\"hljs-keyword\\">def</span> <span class=\\"hljs-title\\">main</span>():</span>
  <span class=\\"hljs-built_in\\">print</span>(<span class=\\"hljs-string\\">'It\\\\'s amazing!'</span>)

<span class=\\"hljs-function\\"><span class=\\"hljs-keyword\\">def</span> <span class=\\"hljs-title\\">unused</span>():</span>
  <span class=\\"hljs-built_in\\">print</span>(<span class=\\"hljs-string\\">'Please use me!'</span>)
</code></pre></div>"
`;

exports[`code highlight special cases supports hl_lines - interval syntax reversed 1`] = `
"<div class=\\"hljs-code-div hljs-code-python\\"><div class=\\"hljs-line-numbers\\"><span data-count=\\"1\\" class=\\"hll\\"></span><span data-count=\\"2\\" class=\\"hll\\"></span><span data-count=\\"3\\" class=\\"hll\\"></span><span data-count=\\"4\\"></span><span data-count=\\"5\\"></span></div><pre><code class=\\"hljs language-python\\"><span class=\\"hljs-function\\"><span class=\\"hljs-keyword\\">def</span> <span class=\\"hljs-title\\">main</span>():</span>
  <span class=\\"hljs-built_in\\">print</span>(<span class=\\"hljs-string\\">'It\\\\'s amazing!'</span>)

<span class=\\"hljs-function\\"><span class=\\"hljs-keyword\\">def</span> <span class=\\"hljs-title\\">unused</span>():</span>
  <span class=\\"hljs-built_in\\">print</span>(<span class=\\"hljs-string\\">'Please use me!'</span>)
</code></pre></div>"
`;

exports[`code highlight special cases supports hl_lines - spaced syntax 1`] = `
"<div class=\\"hljs-code-div hljs-code-python\\"><div class=\\"hljs-line-numbers\\"><span data-count=\\"1\\"></span><span data-count=\\"2\\"></span><span data-count=\\"3\\"></span><span data-count=\\"4\\" class=\\"hll\\"></span><span data-count=\\"5\\" class=\\"hll\\"></span></div><pre><code class=\\"hljs language-python\\"><span class=\\"hljs-function\\"><span class=\\"hljs-keyword\\">def</span> <span class=\\"hljs-title\\">main</span>():</span>
  <span class=\\"hljs-built_in\\">print</span>(<span class=\\"hljs-string\\">'It\\\\'s amazing!'</span>)

<span class=\\"hljs-function\\"><span class=\\"hljs-keyword\\">def</span> <span class=\\"hljs-title\\">unused</span>():</span>
  <span class=\\"hljs-built_in\\">print</span>(<span class=\\"hljs-string\\">'Please use me!'</span>)
</code></pre></div>"
`;

exports[`code highlight special cases supports linenostart 1`] = `
"<div class=\\"hljs-code-div hljs-code-python\\"><div class=\\"hljs-line-numbers\\"><span data-count=\\"3\\"></span><span data-count=\\"4\\"></span><span data-count=\\"5\\"></span><span data-count=\\"6\\"></span><span data-count=\\"7\\"></span></div><pre><code class=\\"hljs language-python\\"><span class=\\"hljs-function\\"><span class=\\"hljs-keyword\\">def</span> <span class=\\"hljs-title\\">main</span>():</span>
  <span class=\\"hljs-built_in\\">print</span>(<span class=\\"hljs-string\\">'It\\\\'s amazing!'</span>)

<span class=\\"hljs-function\\"><span class=\\"hljs-keyword\\">def</span> <span class=\\"hljs-title\\">unused</span>():</span>
  <span class=\\"hljs-built_in\\">print</span>(<span class=\\"hljs-string\\">'Please use me!'</span>)
</code></pre></div>"
`;

exports[`images become figures: does not apply when a caption is present 1`] = `
"<figure><img src=\\"http://example.com\\" alt=\\"foo\\" loading=\\"lazy\\"><figcaption>foo</figcaption></figure>
<figure><img src=\\"http://example.com\\" loading=\\"lazy\\"><figcaption>Caption</figcaption></figure>
<figure><img src=\\"http://example.com\\" alt=\\"foo\\" loading=\\"lazy\\"><figcaption>Caption</figcaption></figure>
<figure><img src=\\"http://example.com\\" loading=\\"lazy\\"><figcaption></figcaption></figure>"
`;

exports[`images become figures: works with only an image 1`] = `"<figure><img src=\\"http://blabla.fr\\" alt=\\"wrapped into _figure_\\" loading=\\"lazy\\"><figcaption>wrapped into _figure_</figcaption></figure>"`;

exports[`pedantic mode disabled unordered lists markers 1`] = `
"<ul>
<li>a</li>
</ul>
<ul>
<li>b</li>
</ul>
<ul>
<li>c</li>
</ul>"
`;

exports[`smileys translates >_< 1`] = `"<p>This is funny <img src=\\"/static/smileys/svg/pinch.svg\\" alt=\\">_<\\" class=\\"smiley\\"></p>"`;

exports[`smileys translates X/ 1`] = `"<p>This is funny <img src=\\"/static/smileys/svg/pinch.svg\\" alt=\\"X/\\" class=\\"smiley\\"></p>"`;

exports[`smileys translates cthulhu 1`] = `"<p><img src=\\"/static/smileys/svg/cthulhu.svg\\" alt=\\"^(;,;)^\\" class=\\"smiley\\"></p>"`;
