// Jest Snapshot v1, https://goo.gl/fbAQLP

exports[`allows star sequences 1`] = `"<p>ping <a href="/@baz baz" rel="nofollow" class="ping ping-link">@<span class="ping-username">baz baz</span></a></p>"`;

exports[`does not ping in link 1`] = `"<p><a href="http://example.com"><span class="ping ping-in-link">@<span class="ping-username">I AM CLEM</span></span></a></p>"`;

exports[`supports Unicode 1`] = `"<p>ping <a href="/@Moté" rel="nofollow" class="ping ping-link">@<span class="ping-username">Moté</span></a> <a href="/@Digitals@m" rel="nofollow" class="ping ping-link">@<span class="ping-username">Digitals@m</span></a></p>"`;

exports[`supports pings 1`] = `"<p>ping <a href="/@Clem" rel="nofollow" class="ping ping-link">@<span class="ping-username">Clem</span></a></p>"`;

exports[`to markdown 1`] = `
"ping @**Clem**
"
`;
