// Jest Snapshot v1, https://goo.gl/fbAQLP

exports[`allow thumbnails 1`] = `"<iframe src="https://jsfiddle.net/Sandhose/BcKhe/1/embedded/result,js,html,css/" width="560" height="560" allowfullscreen frameborder="0"></iframe>"`;

exports[`compiles to Markdown 1`] = `
"A [link with **bold**](http://example.com)

!(https://www.youtube.com/watch?v=FdltlrKFr1w)

These ones should not be allowed by config:

!(http://jsfiddle.net/Sandhose/BcKhe/1/)

!(http://jsfiddle.net/zgjhjv9j/)

!(http://jsfiddle.net/zgjhjv9j/1/)

!(http://jsfiddle.net/Sandhose/BcKhe/)

Foo !(this is a parenthesis) bar
"
`;

exports[`compiles to Markdown 2`] = `
"A [link with **bold**](http://example.com)

!(https://www.youtube.com/watch?v=FdltlrKFr1w)

These ones should not be allowed by config:

!(http://jsfiddle.net/Sandhose/BcKhe/1/)

!(http://jsfiddle.net/zgjhjv9j/)

!(http://jsfiddle.net/zgjhjv9j/1/)

!(http://jsfiddle.net/Sandhose/BcKhe/)

Foo !(this is a parenthesis) bar
"
`;

exports[`oembed falls back 1`] = `"<p>!(https://www.youtube.com/watch?v=FdltlrKFr1w)</p>"`;

exports[`works with oembed 1`] = `
"<iframe src="https://www.youtube.com/embed/FdltlrKFr1w?feature=oembed" width="560" height="315" allowfullscreen frameborder="0"></iframe>
<p>Not parsed:</p>
<iframe src="https://www.youtube.com/embed/FdltlrKFr1w?feature=oembed" width="560" height="315" allowfullscreen frameborder="0"></iframe>
<p>with text after</p>
<p><a href="https://www.youtube.com/watch?v=FdltlrKFr1w">https://www.youtube.com/watch?v=FdltlrKFr1w</a></p>"
`;

exports[`works with transformer 1`] = `
"<iframe src="https://jsfiddle.net/Sandhose/BcKhe/1/embedded/result,js,html,css/" width="560" height="560" allowfullscreen frameborder="0"></iframe>
<iframe src="https://jsfiddle.net/zgjhjv9j/embedded/result,js,html,css/" width="560" height="560" allowfullscreen frameborder="0"></iframe>
<iframe src="https://jsfiddle.net/zgjhjv9j/1/embedded/result,js,html,css/" width="560" height="560" allowfullscreen frameborder="0"></iframe>
<p>Not parsed:</p>
<p>!(http://jsfiddle.net/Sandhose/BcKhe/)</p>"
`;
