// Jest Snapshot v1, https://goo.gl/fbAQLP

exports[`allow non-pipe characters 1`] = `"<p><kbd>CTRL</kbd>, +<kbd>D</kbd></p>"`;

exports[`parses kbd parses a big fixture 1`] = `
"<p>Blabla <kbd>ok</kbd> kxcvj <kbd>ok foo</kbd> sdff</p>
<p>sdf |||| df</p>
<p>sfdgs | | dfg || dgsg | qs</p>
<p>With two pipes: ||key|| you'll get <kbd>key</kbd>.</p>
<p>It cannot contain inline markdown:</p>
<ul>
<li><kbd>hell[~~o~~](#he)?</kbd></li>
</ul>
<p>It cannot contain blocks:</p>
<ul>
<li><kbd>hello: [[secret]]?</kbd></li>
</ul>"
`;

exports[`to markdown 1`] = `
"Blabla ||ok|| kxcvj ||ok foo|| sdff

sdf \\|\\|\\|\\| df

sfdgs \\| \\| dfg \\|\\| dgsg \\| qs

With two pipes: \\|\\|key\\|\\| you'll get ||key||.

It cannot contain inline markdown:

* ||hell\\[~~o~~]\\(#he)?||

It cannot contain blocks:

* ||hello: \\[\\[secret]]?||
"
`;
